Bob was added
They are player number 1
Jane was added
They are player number 2
Fred was added
They are player number 3
Bob is the current player
They have rolled a 2
Bob's new location is 2
The category is Sports
Sports Question 0
Answer was corrent!!!!
Bob now has 1 Gold Coins.
Jane is the current player
They have rolled a 4
Jane's new location is 4
The category is Pop
Pop Question 0
Answer was corrent!!!!
Jane now has 1 Gold Coins.
Fred is the current player
They have rolled a 6
Fred's new location is 6
The category is Sports
Sports Question 1
Answer was corrent!!!!
Fred now has 1 Gold Coins.
Bob is the current player
They have rolled a 1
Bob's new location is 3
The category is Rock
Rock Question 0
Answer was corrent!!!!
Bob now has 2 Gold Coins.
Jane is the current player
They have rolled a 3
Jane's new location is 7
The category is Rock
Rock Question 1
Answer was corrent!!!!
Jane now has 2 Gold Coins.
Fred is the current player
They have rolled a 5
Fred's new location is 11
The category is Rock
Rock Question 2
Answer was corrent!!!!
Fred now has 2 Gold Coins.
Bob is the current player
They have rolled a 3
Bob's new location is 6
The category is Sports
Sports Question 2
Answer was corrent!!!!
Bob now has 3 Gold Coins.
Jane is the current player
They have rolled a 0
Jane's new location is 7
The category is Rock
Rock Question 3
Answer was corrent!!!!
Jane now has 3 Gold Coins.
Fred is the current player
They have rolled a 2
Fred's new location is 1
The category is Science
Science Question 0
Answer was corrent!!!!
Fred now has 3 Gold Coins.
Bob is the current player
They have rolled a 4
Bob's new location is 10
The category is Sports
Sports Question 3
Answer was corrent!!!!
Bob now has 4 Gold Coins.
Jane is the current player
They have rolled a 6
Jane's new location is 1
The category is Science
Science Question 1
Answer was corrent!!!!
Jane now has 4 Gold Coins.
Fred is the current player
They have rolled a 1
Fred's new location is 2
The category is Sports
Sports Question 4
Answer was corrent!!!!
Fred now has 4 Gold Coins.
Bob is the current player
They have rolled a 3
Bob's new location is 1
The category is Science
Science Question 2
Answer was corrent!!!!
Bob now has 5 Gold Coins.
Jane is the current player
They have rolled a 5
Jane's new location is 6
The category is Sports
Sports Question 5
Answer was corrent!!!!
Jane now has 5 Gold Coins.
Fred is the current player
They have rolled a 3
Fred's new location is 5
The category is Science
Science Question 3
Answer was corrent!!!!
Fred now has 5 Gold Coins.
Bob is the current player
They have rolled a 0
Bob's new location is 1
The category is Science
Science Question 4
Answer was corrent!!!!
Bob now has 6 Gold Coins.
