Bob was added
They are player number 1
Jane was added
They are player number 2
